https://discord.com/api/webhooks/1198585715353714769/oyEoNoKO7ytN6YsEDVgQhnd4WQWCFUiADRm51bmp-aSjmBm6jbEZgr6-75Y3mTI_xcHZ
